
> planet-tracker@0.0.0 build
> vite build

[36mvite v8.0.3 [32mbuilding client environment for production...[36m[39m
[2K
transforming...Γ£ô 1726 modules transformed.
rendering chunks...
node.exe : 
[31mΓ£ù[39m Build 
failed in 475ms
At line:1 char:1
+ & "C:\Program 
Files\nodejs/node.exe" 
"C:\Program 
Files\nodejs/node_mo 
...
+ ~~~~~~~~~~~~~~~~~~~~~
~~~~~~~~~~~~~~~~~~~~~~~
~~~~~~~~~~~~~~~~~~~~~~~
~~
    + CategoryInfo     
         : NotSpecifi  
  ed: ([31mΓ£ù[39m   
  Build failed in 4    
75ms:String) [], R    
emoteException
    + FullyQualifiedEr 
   rorId : NativeComm  
  andError
 
[31merror during 
build:
[31mBuild failed with 
1 error:

[31m[MISSING_EXPORT] 
Error:[0m "Astronomy" 
is not exported by "nod
e_modules/astronomy-eng
ine/esm/astronomy.js".
   [38;5;246mΓò¡[0m[
38;5;246mΓöÇ[0m[38;5;
246m[[0m src/utils/ast
ronomy.js:1:10 
[38;5;246m][0m
   [38;5;246mΓöé[0m
 [38;5;246m1 Γöé[0m 
[38;5;249mi[0m[38;5;2
49mm[0m[38;5;249mp[0
m[38;5;249mo[0m[38;5
;249mr[0m[38;5;249mt
[0m[38;5;249m [0m[38
;5;249m{[0m[38;5;249m
 [0mAstronomy[38;5;24
9m,[0m[38;5;249m [0m
[38;5;249mB[0m[38;5;
249mo[0m[38;5;249md[
0m[38;5;249my[0m[38;
5;249m,[0m[38;5;249m 
[0m[38;5;249mM[0m[3
8;5;249ma[0m[38;5;249
mk[0m[38;5;249me[0m
[38;5;249mT[0m[38;5;2
49mi[0m[38;5;249mm[0
m[38;5;249me[0m[38;5
;249m,[0m[38;5;249m 
[0m[38;5;249mO[0m[38
;5;249mb[0m[38;5;249m
s[0m[38;5;249me[0m[
38;5;249mr[0m[38;5;24
9mv[0m[38;5;249me[0m
[38;5;249mr[0m[38;5;
249m,[0m[38;5;249m [
0m[38;5;249mE[0m[38;
5;249mq[0m[38;5;249mu
[0m[38;5;249ma[0m[3
8;5;249mt[0m[38;5;249
mo[0m[38;5;249mr[0m
[38;5;249m,[0m[38;5;2
49m [0m[38;5;249mH[0
m[38;5;249mo[0m[38;5
;249mr[0m[38;5;249mi
[0m[38;5;249mz[0m[38
;5;249mo[0m[38;5;249m
n[0m[38;5;249m [0m[
38;5;249m}[0m[38;5;24
9m [0m[38;5;249mf[0m
[38;5;249mr[0m[38;5;
249mo[0m[38;5;249mm[
0m[38;5;249m [0m[38;
5;249m"[0m[38;5;249ma
[0m[38;5;249ms[0m[3
8;5;249mt[0m[38;5;249
mr[0m[38;5;249mo[0m
[38;5;249mn[0m[38;5;2
49mo[0m[38;5;249mm[0
m[38;5;249my[0m[38;5
;249m-[0m[38;5;249me
[0m[38;5;249mn[0m[38
;5;249mg[0m[38;5;249m
i[0m[38;5;249mn[0m[
38;5;249me[0m[38;5;24
9m"[0m[38;5;249m;[0m
 [38;5;240m  Γöé[0m  
        ΓöÇΓöÇΓöÇΓöÇΓö¼
ΓöÇΓöÇΓöÇΓöÇ  
 [38;5;240m  Γöé[0m  
            
Γò░ΓöÇΓöÇΓöÇΓöÇΓöÇΓöÇ 
Missing export
[38;5;246mΓöÇΓöÇΓöÇΓò»
[0m
[31m
    at aggregateBinding
ErrorsIntoJsError (file
:///C:/Kiran/Antigravit
y/planet-tracker/node_m
odules/rolldown/dist/sh
ared/error-BLhcSyeg.mjs
:48:18)
    at 
unwrapBindingResult (fi
le:///C:/Kiran/Antigrav
ity/planet-tracker/node
_modules/rolldown/dist/
shared/error-BLhcSyeg.m
js:18:128)
    at #build (file:///
C:/Kiran/Antigravity/pl
anet-tracker/node_modul
es/rolldown/dist/shared
/rolldown-build-CPrIX9V
6.mjs:3313:34)
    at async 
buildEnvironment (file:
///C:/Kiran/Antigravity
/planet-tracker/node_mo
dules/vite/dist/node/ch
unks/node.js:32849:64)
    at async 
Object.build (file:///C
:/Kiran/Antigravity/pla
net-tracker/node_module
s/vite/dist/node/chunks
/node.js:33271:19)
    at async 
Object.buildApp (file:/
//C:/Kiran/Antigravity/
planet-tracker/node_mod
ules/vite/dist/node/chu
nks/node.js:33268:153)
    at async 
CAC.<anonymous> (file:/
//C:/Kiran/Antigravity/
planet-tracker/node_mod
ules/vite/dist/node/cli
.js:778:3) {
  errors: 
[Getter/Setter]
}[39m
